<html>
<body>
<pre>
<h1>礦ision Build Log</h1>
<h2>Tool Versions:</h2>
IDE-Version: μVision V5.18.0.0
Copyright (C) 2016 ARM Ltd and ARM Germany GmbH. All rights reserved.
License Information: 1 Suzumiya, 1, LIC=50D7S-LEJIA-TLYCD-8IE9R-1XVR7-3BURI
 
Tool Versions:
Toolchain:       MDK-ARM Professional  Version: 5.18
Toolchain Path:  C:\Keil_v5\ARM\ARMCC\Bin
C Compiler:      Armcc.exe V5.06 update 1 (build 61)
Assembler:       Armasm.exe V5.06 update 1 (build 61)
Linker/Locator:  ArmLink.exe V5.06 update 1 (build 61)
Library Manager: ArmAr.exe V5.06 update 1 (build 61)
Hex Converter:   FromElf.exe V5.06 update 1 (build 61)
CPU DLL:         SARMCM3.DLL V5.18
Dialog DLL:      DARMSTM.DLL V1.65.0.0
Target DLL:      UL2CM3.DLL V1.157.5.0
Dialog DLL:      TARMSTM.DLL V1.64.0.0
 
<h2>Project:</h2>
C:\Users\Suzumiya\Desktop\智障小车车\Template.uvprojx
Project File Date:  03/01/2024

<h2>Output:</h2>
*** Using Compiler 'V5.06 update 1 (build 61)', folder: 'C:\Keil_v5\ARM\ARMCC\Bin'
Build target 'Target 1'
compiling menu.c...
Software\menu\menu.h(3): warning:  #1295-D: Deprecated declaration car_menu - give arg types
  void car_menu();
Software\menu\menu.h(4): warning:  #1-D: last line of file ends without a newline
  void ctrl_pin_init();
Software\menu\menu.h(4): warning:  #1295-D: Deprecated declaration ctrl_pin_init - give arg types
  void ctrl_pin_init();
.\Hardware\key\key.h(26): warning:  #1295-D: Deprecated declaration KEY_Scan - give arg types
  u8 KEY_Scan();
.\Hardware\key\key.h(27): warning:  #1295-D: Deprecated declaration csb_key - give arg types
  u8 csb_key();
.\Hardware\BEEP\beep.h(9): warning:  #1-D: last line of file ends without a newline
  #endif
Software\menu\menu.c: 6 warnings, 0 errors
linking...
Program Size: Code=6340 RO-data=268 RW-data=28 ZI-data=1228  
FromELF: creating hex file...
".\Obj\Template.axf" - 0 Error(s), 6 Warning(s).

<h2>Collection of Component include folders:</h2>
  C:\Users\Suzumiya\Desktop\智障小车车\RTE
  C:\Keil_v5\ARM\PACK\Keil\STM32F1xx_DFP\1.0.5\Device\Include

<h2>Collection of Component Files used:</h2>
Build Time Elapsed:  00:00:01
</pre>
</body>
</html>
