Component: ARM Compiler 5.06 update 1 (build 61) Tool: armlink [4d35a8]

==============================================================================

Section Cross References

    main.o(i.main) refers to misc.o(i.NVIC_PriorityGroupConfig) for NVIC_PriorityGroupConfig
    main.o(i.main) refers to stm32f10x_rcc.o(i.RCC_SYSCLKConfig) for RCC_SYSCLKConfig
    main.o(i.main) refers to key.o(i.KEY_Init) for KEY_Init
    main.o(i.main) refers to dc_motor.o(i.dc_motor_init) for dc_motor_init
    main.o(i.main) refers to lcd1602.o(i.lcd1602_init) for lcd1602_init
    main.o(i.main) refers to beep.o(i.BEEP_Init) for BEEP_Init
    main.o(i.main) refers to sr04.o(i.ultrasonicwave_init) for ultrasonicwave_init
    main.o(i.main) refers to usart.o(i.USART1_Init) for USART1_Init
    main.o(i.main) refers to menu.o(i.car_menu) for car_menu
    startup_stm32f10x_md.o(RESET) refers to startup_stm32f10x_md.o(STACK) for __initial_sp
    startup_stm32f10x_md.o(RESET) refers to startup_stm32f10x_md.o(.text) for Reset_Handler
    startup_stm32f10x_md.o(RESET) refers to stm32f10x_it.o(i.NMI_Handler) for NMI_Handler
    startup_stm32f10x_md.o(RESET) refers to stm32f10x_it.o(i.HardFault_Handler) for HardFault_Handler
    startup_stm32f10x_md.o(RESET) refers to stm32f10x_it.o(i.MemManage_Handler) for MemManage_Handler
    startup_stm32f10x_md.o(RESET) refers to stm32f10x_it.o(i.BusFault_Handler) for BusFault_Handler
    startup_stm32f10x_md.o(RESET) refers to stm32f10x_it.o(i.UsageFault_Handler) for UsageFault_Handler
    startup_stm32f10x_md.o(RESET) refers to stm32f10x_it.o(i.SVC_Handler) for SVC_Handler
    startup_stm32f10x_md.o(RESET) refers to stm32f10x_it.o(i.DebugMon_Handler) for DebugMon_Handler
    startup_stm32f10x_md.o(RESET) refers to stm32f10x_it.o(i.PendSV_Handler) for PendSV_Handler
    startup_stm32f10x_md.o(RESET) refers to stm32f10x_it.o(i.SysTick_Handler) for SysTick_Handler
    startup_stm32f10x_md.o(RESET) refers to usart.o(i.USART1_IRQHandler) for USART1_IRQHandler
    startup_stm32f10x_md.o(.text) refers to system_stm32f10x.o(i.SystemInit) for SystemInit
    startup_stm32f10x_md.o(.text) refers to entry.o(.ARM.Collect$$$$00000000) for __main
    stm32f10x_gpio.o(i.GPIO_AFIODeInit) refers to stm32f10x_rcc.o(i.RCC_APB2PeriphResetCmd) for RCC_APB2PeriphResetCmd
    stm32f10x_gpio.o(i.GPIO_DeInit) refers to stm32f10x_rcc.o(i.RCC_APB2PeriphResetCmd) for RCC_APB2PeriphResetCmd
    stm32f10x_rcc.o(i.RCC_GetClocksFreq) refers to stm32f10x_rcc.o(.data) for APBAHBPrescTable
    stm32f10x_rcc.o(i.RCC_WaitForHSEStartUp) refers to stm32f10x_rcc.o(i.RCC_GetFlagStatus) for RCC_GetFlagStatus
    stm32f10x_tim.o(i.TIM_DeInit) refers to stm32f10x_rcc.o(i.RCC_APB2PeriphResetCmd) for RCC_APB2PeriphResetCmd
    stm32f10x_tim.o(i.TIM_DeInit) refers to stm32f10x_rcc.o(i.RCC_APB1PeriphResetCmd) for RCC_APB1PeriphResetCmd
    stm32f10x_tim.o(i.TIM_ETRClockMode1Config) refers to stm32f10x_tim.o(i.TIM_ETRConfig) for TIM_ETRConfig
    stm32f10x_tim.o(i.TIM_ETRClockMode2Config) refers to stm32f10x_tim.o(i.TIM_ETRConfig) for TIM_ETRConfig
    stm32f10x_tim.o(i.TIM_ICInit) refers to stm32f10x_tim.o(i.TI1_Config) for TI1_Config
    stm32f10x_tim.o(i.TIM_ICInit) refers to stm32f10x_tim.o(i.TIM_SetIC1Prescaler) for TIM_SetIC1Prescaler
    stm32f10x_tim.o(i.TIM_ICInit) refers to stm32f10x_tim.o(i.TI2_Config) for TI2_Config
    stm32f10x_tim.o(i.TIM_ICInit) refers to stm32f10x_tim.o(i.TIM_SetIC2Prescaler) for TIM_SetIC2Prescaler
    stm32f10x_tim.o(i.TIM_ICInit) refers to stm32f10x_tim.o(i.TI3_Config) for TI3_Config
    stm32f10x_tim.o(i.TIM_ICInit) refers to stm32f10x_tim.o(i.TIM_SetIC3Prescaler) for TIM_SetIC3Prescaler
    stm32f10x_tim.o(i.TIM_ICInit) refers to stm32f10x_tim.o(i.TI4_Config) for TI4_Config
    stm32f10x_tim.o(i.TIM_ICInit) refers to stm32f10x_tim.o(i.TIM_SetIC4Prescaler) for TIM_SetIC4Prescaler
    stm32f10x_tim.o(i.TIM_ITRxExternalClockConfig) refers to stm32f10x_tim.o(i.TIM_SelectInputTrigger) for TIM_SelectInputTrigger
    stm32f10x_tim.o(i.TIM_PWMIConfig) refers to stm32f10x_tim.o(i.TI1_Config) for TI1_Config
    stm32f10x_tim.o(i.TIM_PWMIConfig) refers to stm32f10x_tim.o(i.TIM_SetIC1Prescaler) for TIM_SetIC1Prescaler
    stm32f10x_tim.o(i.TIM_PWMIConfig) refers to stm32f10x_tim.o(i.TI2_Config) for TI2_Config
    stm32f10x_tim.o(i.TIM_PWMIConfig) refers to stm32f10x_tim.o(i.TIM_SetIC2Prescaler) for TIM_SetIC2Prescaler
    stm32f10x_tim.o(i.TIM_TIxExternalClockConfig) refers to stm32f10x_tim.o(i.TI2_Config) for TI2_Config
    stm32f10x_tim.o(i.TIM_TIxExternalClockConfig) refers to stm32f10x_tim.o(i.TI1_Config) for TI1_Config
    stm32f10x_tim.o(i.TIM_TIxExternalClockConfig) refers to stm32f10x_tim.o(i.TIM_SelectInputTrigger) for TIM_SelectInputTrigger
    stm32f10x_flash.o(i.FLASH_EnableWriteProtection) refers to stm32f10x_flash.o(i.FLASH_WaitForLastOperation) for FLASH_WaitForLastOperation
    stm32f10x_flash.o(i.FLASH_EraseAllBank1Pages) refers to stm32f10x_flash.o(i.FLASH_WaitForLastBank1Operation) for FLASH_WaitForLastBank1Operation
    stm32f10x_flash.o(i.FLASH_EraseAllPages) refers to stm32f10x_flash.o(i.FLASH_WaitForLastOperation) for FLASH_WaitForLastOperation
    stm32f10x_flash.o(i.FLASH_EraseOptionBytes) refers to stm32f10x_flash.o(i.FLASH_GetReadOutProtectionStatus) for FLASH_GetReadOutProtectionStatus
    stm32f10x_flash.o(i.FLASH_EraseOptionBytes) refers to stm32f10x_flash.o(i.FLASH_WaitForLastOperation) for FLASH_WaitForLastOperation
    stm32f10x_flash.o(i.FLASH_ErasePage) refers to stm32f10x_flash.o(i.FLASH_WaitForLastOperation) for FLASH_WaitForLastOperation
    stm32f10x_flash.o(i.FLASH_ProgramHalfWord) refers to stm32f10x_flash.o(i.FLASH_WaitForLastOperation) for FLASH_WaitForLastOperation
    stm32f10x_flash.o(i.FLASH_ProgramOptionByteData) refers to stm32f10x_flash.o(i.FLASH_WaitForLastOperation) for FLASH_WaitForLastOperation
    stm32f10x_flash.o(i.FLASH_ProgramWord) refers to stm32f10x_flash.o(i.FLASH_WaitForLastOperation) for FLASH_WaitForLastOperation
    stm32f10x_flash.o(i.FLASH_ReadOutProtection) refers to stm32f10x_flash.o(i.FLASH_WaitForLastOperation) for FLASH_WaitForLastOperation
    stm32f10x_flash.o(i.FLASH_UserOptionByteConfig) refers to stm32f10x_flash.o(i.FLASH_WaitForLastOperation) for FLASH_WaitForLastOperation
    stm32f10x_flash.o(i.FLASH_WaitForLastBank1Operation) refers to stm32f10x_flash.o(i.FLASH_GetBank1Status) for FLASH_GetBank1Status
    stm32f10x_flash.o(i.FLASH_WaitForLastOperation) refers to stm32f10x_flash.o(i.FLASH_GetBank1Status) for FLASH_GetBank1Status
    stm32f10x_usart.o(i.USART_DeInit) refers to stm32f10x_rcc.o(i.RCC_APB2PeriphResetCmd) for RCC_APB2PeriphResetCmd
    stm32f10x_usart.o(i.USART_DeInit) refers to stm32f10x_rcc.o(i.RCC_APB1PeriphResetCmd) for RCC_APB1PeriphResetCmd
    stm32f10x_usart.o(i.USART_Init) refers to stm32f10x_rcc.o(i.RCC_GetClocksFreq) for RCC_GetClocksFreq
    system_stm32f10x.o(i.SetSysClock) refers to system_stm32f10x.o(i.SetSysClockTo72) for SetSysClockTo72
    system_stm32f10x.o(i.SystemCoreClockUpdate) refers to system_stm32f10x.o(.data) for SystemCoreClock
    system_stm32f10x.o(i.SystemInit) refers to system_stm32f10x.o(i.SetSysClock) for SetSysClock
    usart.o(i.USART1_IRQHandler) refers to stm32f10x_usart.o(i.USART_GetITStatus) for USART_GetITStatus
    usart.o(i.USART1_IRQHandler) refers to stm32f10x_usart.o(i.USART_ReceiveData) for USART_ReceiveData
    usart.o(i.USART1_IRQHandler) refers to stm32f10x_usart.o(i.USART_SendData) for USART_SendData
    usart.o(i.USART1_IRQHandler) refers to stm32f10x_usart.o(i.USART_GetFlagStatus) for USART_GetFlagStatus
    usart.o(i.USART1_IRQHandler) refers to usart.o(.bss) for USART1_RX_BUF
    usart.o(i.USART1_Init) refers to stm32f10x_rcc.o(i.RCC_APB2PeriphClockCmd) for RCC_APB2PeriphClockCmd
    usart.o(i.USART1_Init) refers to stm32f10x_gpio.o(i.GPIO_Init) for GPIO_Init
    usart.o(i.USART1_Init) refers to stm32f10x_usart.o(i.USART_Init) for USART_Init
    usart.o(i.USART1_Init) refers to stm32f10x_usart.o(i.USART_Cmd) for USART_Cmd
    usart.o(i.USART1_Init) refers to stm32f10x_usart.o(i.USART_ITConfig) for USART_ITConfig
    usart.o(i.USART1_Init) refers to misc.o(i.NVIC_Init) for NVIC_Init
    usart.o(i.fputc) refers to stm32f10x_usart.o(i.USART_SendData) for USART_SendData
    usart.o(i.fputc) refers to stm32f10x_usart.o(i.USART_GetFlagStatus) for USART_GetFlagStatus
    dc_motor.o(i.dc_motor_init) refers to stm32f10x_rcc.o(i.RCC_APB2PeriphClockCmd) for RCC_APB2PeriphClockCmd
    dc_motor.o(i.dc_motor_init) refers to stm32f10x_gpio.o(i.GPIO_Init) for GPIO_Init
    key.o(i.KEY_Init) refers to stm32f10x_rcc.o(i.RCC_APB2PeriphClockCmd) for RCC_APB2PeriphClockCmd
    key.o(i.KEY_Init) refers to stm32f10x_gpio.o(i.GPIO_Init) for GPIO_Init
    key.o(i.KEY_Scan) refers to systick.o(i.delay_ms) for delay_ms
    key.o(i.csb_key) refers to systick.o(i.delay_ms) for delay_ms
    lcd1602.o(i.lcd1602_clear) refers to lcd1602.o(i.lcd1602_write_cmd) for lcd1602_write_cmd
    lcd1602.o(i.lcd1602_gpio_init) refers to stm32f10x_rcc.o(i.RCC_APB2PeriphClockCmd) for RCC_APB2PeriphClockCmd
    lcd1602.o(i.lcd1602_gpio_init) refers to stm32f10x_gpio.o(i.GPIO_Init) for GPIO_Init
    lcd1602.o(i.lcd1602_init) refers to lcd1602.o(i.lcd1602_gpio_init) for lcd1602_gpio_init
    lcd1602.o(i.lcd1602_init) refers to lcd1602.o(i.lcd1602_write_cmd) for lcd1602_write_cmd
    lcd1602.o(i.lcd1602_show_num) refers to lcd1602.o(i.lcd1602_write_cmd) for lcd1602_write_cmd
    lcd1602.o(i.lcd1602_show_num) refers to lcd1602.o(i.lcd1602_write_data) for lcd1602_write_data
    lcd1602.o(i.lcd1602_show_nums) refers to lcd1602.o(i.num_pow) for num_pow
    lcd1602.o(i.lcd1602_show_nums) refers to lcd1602.o(i.lcd1602_show_num) for lcd1602_show_num
    lcd1602.o(i.lcd1602_show_string) refers to lcd1602.o(i.lcd1602_write_cmd) for lcd1602_write_cmd
    lcd1602.o(i.lcd1602_show_string) refers to lcd1602.o(i.lcd1602_write_data) for lcd1602_write_data
    lcd1602.o(i.lcd1602_write_cmd) refers to stm32f10x_gpio.o(i.GPIO_Write) for GPIO_Write
    lcd1602.o(i.lcd1602_write_cmd) refers to systick.o(i.delay_10us) for delay_10us
    lcd1602.o(i.lcd1602_write_data) refers to stm32f10x_gpio.o(i.GPIO_Write) for GPIO_Write
    lcd1602.o(i.lcd1602_write_data) refers to systick.o(i.delay_10us) for delay_10us
    beep.o(i.BEEP_Init) refers to stm32f10x_rcc.o(i.RCC_APB2PeriphClockCmd) for RCC_APB2PeriphClockCmd
    beep.o(i.BEEP_Init) refers to stm32f10x_gpio.o(i.GPIO_Init) for GPIO_Init
    sr04.o(i.TIM2_Init) refers to stm32f10x_rcc.o(i.RCC_APB1PeriphClockCmd) for RCC_APB1PeriphClockCmd
    sr04.o(i.TIM2_Init) refers to stm32f10x_tim.o(i.TIM_TimeBaseInit) for TIM_TimeBaseInit
    sr04.o(i.TIM2_Init) refers to stm32f10x_tim.o(i.TIM_Cmd) for TIM_Cmd
    sr04.o(i.csb1) refers to systick.o(i.delay_10us) for delay_10us
    sr04.o(i.csb1) refers to stm32f10x_tim.o(i.TIM_SetCounter) for TIM_SetCounter
    sr04.o(i.csb1) refers to stm32f10x_tim.o(i.TIM_Cmd) for TIM_Cmd
    sr04.o(i.csb1) refers to stm32f10x_tim.o(i.TIM_GetCounter) for TIM_GetCounter
    sr04.o(i.csb1) refers to systick.o(i.delay_ms) for delay_ms
    sr04.o(i.csb1) refers to ffltui.o(.text) for __aeabi_ui2f
    sr04.o(i.csb1) refers to f2d.o(.text) for __aeabi_f2d
    sr04.o(i.csb1) refers to dmul.o(.text) for __aeabi_dmul
    sr04.o(i.csb1) refers to ddiv.o(.text) for __aeabi_ddiv
    sr04.o(i.csb1) refers to d2f.o(.text) for __aeabi_d2f
    sr04.o(i.csb2) refers to systick.o(i.delay_10us) for delay_10us
    sr04.o(i.csb2) refers to stm32f10x_tim.o(i.TIM_SetCounter) for TIM_SetCounter
    sr04.o(i.csb2) refers to stm32f10x_tim.o(i.TIM_Cmd) for TIM_Cmd
    sr04.o(i.csb2) refers to stm32f10x_tim.o(i.TIM_GetCounter) for TIM_GetCounter
    sr04.o(i.csb2) refers to systick.o(i.delay_ms) for delay_ms
    sr04.o(i.csb2) refers to ffltui.o(.text) for __aeabi_ui2f
    sr04.o(i.csb2) refers to f2d.o(.text) for __aeabi_f2d
    sr04.o(i.csb2) refers to dmul.o(.text) for __aeabi_dmul
    sr04.o(i.csb2) refers to ddiv.o(.text) for __aeabi_ddiv
    sr04.o(i.csb2) refers to d2f.o(.text) for __aeabi_d2f
    sr04.o(i.sr04_gpio_init) refers to stm32f10x_rcc.o(i.RCC_APB2PeriphClockCmd) for RCC_APB2PeriphClockCmd
    sr04.o(i.sr04_gpio_init) refers to stm32f10x_gpio.o(i.GPIO_Init) for GPIO_Init
    sr04.o(i.ultrasonicwave_init) refers to sr04.o(i.sr04_gpio_init) for sr04_gpio_init
    sr04.o(i.ultrasonicwave_init) refers to sr04.o(i.TIM2_Init) for TIM2_Init
    menu.o(i.car_menu) refers to menu.o(i.get_csb) for get_csb
    menu.o(i.car_menu) refers to menu.o(i.scan_space) for scan_space
    menu.o(i.car_menu) refers to menu.o(i.scan_didi) for scan_didi
    menu.o(i.car_menu) refers to key.o(i.KEY_Scan) for KEY_Scan
    menu.o(i.car_menu) refers to menu.o(i.show) for show
    menu.o(i.car_menu) refers to menu.o(i.chuankou) for chuankou
    menu.o(i.car_menu) refers to dc_motor.o(i.car_stop) for car_stop
    menu.o(i.car_menu) refers to dc_motor.o(i.car_forward) for car_forward
    menu.o(i.car_menu) refers to dc_motor.o(i.car_right) for car_right
    menu.o(i.car_menu) refers to dc_motor.o(i.car_left) for car_left
    menu.o(i.car_menu) refers to dc_motor.o(i.car_back) for car_back
    menu.o(i.car_menu) refers to menu.o(.data) for bz
    menu.o(i.chuankou) refers to dc_motor.o(i.car_forward) for car_forward
    menu.o(i.chuankou) refers to dc_motor.o(i.car_right) for car_right
    menu.o(i.chuankou) refers to dc_motor.o(i.car_left) for car_left
    menu.o(i.chuankou) refers to dc_motor.o(i.car_stop) for car_stop
    menu.o(i.chuankou) refers to dc_motor.o(i.car_back) for car_back
    menu.o(i.chuankou) refers to stm32f10x_gpio.o(i.GPIO_ResetBits) for GPIO_ResetBits
    menu.o(i.chuankou) refers to systick.o(i.delay_ms) for delay_ms
    menu.o(i.chuankou) refers to stm32f10x_gpio.o(i.GPIO_SetBits) for GPIO_SetBits
    menu.o(i.chuankou) refers to usart.o(.bss) for USART1_RX_BUF
    menu.o(i.chuankou) refers to menu.o(.data) for bz
    menu.o(i.ctrl_pin_init) refers to stm32f10x_rcc.o(i.RCC_APB2PeriphClockCmd) for RCC_APB2PeriphClockCmd
    menu.o(i.ctrl_pin_init) refers to stm32f10x_gpio.o(i.GPIO_Init) for GPIO_Init
    menu.o(i.get_csb) refers to stm32f10x_usart.o(i.USART_Cmd) for USART_Cmd
    menu.o(i.get_csb) refers to sr04.o(i.csb1) for csb1
    menu.o(i.get_csb) refers to ffixui.o(.text) for __aeabi_f2uiz
    menu.o(i.get_csb) refers to sr04.o(i.csb2) for csb2
    menu.o(i.get_csb) refers to key.o(i.csb_key) for csb_key
    menu.o(i.get_csb) refers to menu.o(.data) for dis1
    menu.o(i.scan_didi) refers to stm32f10x_gpio.o(i.GPIO_SetBits) for GPIO_SetBits
    menu.o(i.scan_didi) refers to stm32f10x_gpio.o(i.GPIO_ResetBits) for GPIO_ResetBits
    menu.o(i.scan_didi) refers to menu.o(.data) for laba
    menu.o(i.scan_space) refers to dc_motor.o(i.car_space_high) for car_space_high
    menu.o(i.scan_space) refers to dc_motor.o(i.car_space_low) for car_space_low
    menu.o(i.scan_space) refers to menu.o(.data) for space
    menu.o(i.show) refers to lcd1602.o(i.lcd1602_show_string) for lcd1602_show_string
    menu.o(i.show) refers to usart.o(.bss) for USART1_RX_BUF
    menu.o(i.show) refers to menu.o(.data) for laba
    entry.o(.ARM.Collect$$$$00000000) refers (Special) to entry10a.o(.ARM.Collect$$$$0000000D) for __rt_final_cpp
    entry.o(.ARM.Collect$$$$00000000) refers (Special) to entry11a.o(.ARM.Collect$$$$0000000F) for __rt_final_exit
    entry.o(.ARM.Collect$$$$00000000) refers (Special) to entry7b.o(.ARM.Collect$$$$00000008) for _main_clock
    entry.o(.ARM.Collect$$$$00000000) refers (Special) to entry8b.o(.ARM.Collect$$$$0000000A) for _main_cpp_init
    entry.o(.ARM.Collect$$$$00000000) refers (Special) to entry9a.o(.ARM.Collect$$$$0000000B) for _main_init
    entry.o(.ARM.Collect$$$$00000000) refers (Special) to entry5.o(.ARM.Collect$$$$00000004) for _main_scatterload
    entry.o(.ARM.Collect$$$$00000000) refers (Special) to entry2.o(.ARM.Collect$$$$00000001) for _main_stk
    dmul.o(.text) refers (Special) to iusefp.o(.text) for __I$use$fp
    dmul.o(.text) refers to depilogue.o(.text) for _double_epilogue
    ddiv.o(.text) refers (Special) to iusefp.o(.text) for __I$use$fp
    ddiv.o(.text) refers to depilogue.o(.text) for _double_round
    ffltui.o(.text) refers (Special) to iusefp.o(.text) for __I$use$fp
    ffltui.o(.text) refers to fepilogue.o(.text) for _float_epilogue
    ffixui.o(.text) refers (Special) to iusefp.o(.text) for __I$use$fp
    f2d.o(.text) refers (Special) to iusefp.o(.text) for __I$use$fp
    d2f.o(.text) refers (Special) to iusefp.o(.text) for __I$use$fp
    d2f.o(.text) refers to fepilogue.o(.text) for _float_round
    entry2.o(.ARM.Collect$$$$00000001) refers to entry2.o(.ARM.Collect$$$$00002712) for __lit__00000000
    entry2.o(.ARM.Collect$$$$00002712) refers to startup_stm32f10x_md.o(STACK) for __initial_sp
    entry2.o(__vectab_stack_and_reset_area) refers to startup_stm32f10x_md.o(STACK) for __initial_sp
    entry2.o(__vectab_stack_and_reset_area) refers to entry.o(.ARM.Collect$$$$00000000) for __main
    entry5.o(.ARM.Collect$$$$00000004) refers to init.o(.text) for __scatterload
    entry9a.o(.ARM.Collect$$$$0000000B) refers to main.o(i.main) for main
    entry9b.o(.ARM.Collect$$$$0000000C) refers to main.o(i.main) for main
    depilogue.o(.text) refers to llshl.o(.text) for __aeabi_llsl
    depilogue.o(.text) refers to llushr.o(.text) for __aeabi_llsr
    init.o(.text) refers to entry5.o(.ARM.Collect$$$$00000004) for __main_after_scatterload


==============================================================================

Removing Unused input sections from the image.

    Removing startup_stm32f10x_md.o(HEAP), (512 bytes).
    Removing stm32f10x_gpio.o(i.GPIO_AFIODeInit), (20 bytes).
    Removing stm32f10x_gpio.o(i.GPIO_DeInit), (200 bytes).
    Removing stm32f10x_gpio.o(i.GPIO_ETH_MediaInterfaceConfig), (12 bytes).
    Removing stm32f10x_gpio.o(i.GPIO_EXTILineConfig), (64 bytes).
    Removing stm32f10x_gpio.o(i.GPIO_EventOutputCmd), (12 bytes).
    Removing stm32f10x_gpio.o(i.GPIO_EventOutputConfig), (32 bytes).
    Removing stm32f10x_gpio.o(i.GPIO_PinLockConfig), (18 bytes).
    Removing stm32f10x_gpio.o(i.GPIO_PinRemapConfig), (144 bytes).
    Removing stm32f10x_gpio.o(i.GPIO_ReadInputData), (8 bytes).
    Removing stm32f10x_gpio.o(i.GPIO_ReadInputDataBit), (18 bytes).
    Removing stm32f10x_gpio.o(i.GPIO_ReadOutputData), (8 bytes).
    Removing stm32f10x_gpio.o(i.GPIO_ReadOutputDataBit), (18 bytes).
    Removing stm32f10x_gpio.o(i.GPIO_StructInit), (16 bytes).
    Removing stm32f10x_gpio.o(i.GPIO_WriteBit), (10 bytes).
    Removing stm32f10x_rcc.o(i.RCC_ADCCLKConfig), (24 bytes).
    Removing stm32f10x_rcc.o(i.RCC_AHBPeriphClockCmd), (32 bytes).
    Removing stm32f10x_rcc.o(i.RCC_APB1PeriphResetCmd), (32 bytes).
    Removing stm32f10x_rcc.o(i.RCC_APB2PeriphResetCmd), (32 bytes).
    Removing stm32f10x_rcc.o(i.RCC_AdjustHSICalibrationValue), (24 bytes).
    Removing stm32f10x_rcc.o(i.RCC_BackupResetCmd), (12 bytes).
    Removing stm32f10x_rcc.o(i.RCC_ClearFlag), (20 bytes).
    Removing stm32f10x_rcc.o(i.RCC_ClearITPendingBit), (12 bytes).
    Removing stm32f10x_rcc.o(i.RCC_ClockSecuritySystemCmd), (12 bytes).
    Removing stm32f10x_rcc.o(i.RCC_DeInit), (76 bytes).
    Removing stm32f10x_rcc.o(i.RCC_GetFlagStatus), (60 bytes).
    Removing stm32f10x_rcc.o(i.RCC_GetITStatus), (24 bytes).
    Removing stm32f10x_rcc.o(i.RCC_GetSYSCLKSource), (16 bytes).
    Removing stm32f10x_rcc.o(i.RCC_HCLKConfig), (24 bytes).
    Removing stm32f10x_rcc.o(i.RCC_HSEConfig), (76 bytes).
    Removing stm32f10x_rcc.o(i.RCC_HSICmd), (12 bytes).
    Removing stm32f10x_rcc.o(i.RCC_ITConfig), (32 bytes).
    Removing stm32f10x_rcc.o(i.RCC_LSEConfig), (52 bytes).
    Removing stm32f10x_rcc.o(i.RCC_LSICmd), (12 bytes).
    Removing stm32f10x_rcc.o(i.RCC_MCOConfig), (12 bytes).
    Removing stm32f10x_rcc.o(i.RCC_PCLK1Config), (24 bytes).
    Removing stm32f10x_rcc.o(i.RCC_PCLK2Config), (24 bytes).
    Removing stm32f10x_rcc.o(i.RCC_PLLCmd), (12 bytes).
    Removing stm32f10x_rcc.o(i.RCC_PLLConfig), (28 bytes).
    Removing stm32f10x_rcc.o(i.RCC_RTCCLKCmd), (12 bytes).
    Removing stm32f10x_rcc.o(i.RCC_RTCCLKConfig), (16 bytes).
    Removing stm32f10x_rcc.o(i.RCC_USBCLKConfig), (12 bytes).
    Removing stm32f10x_rcc.o(i.RCC_WaitForHSEStartUp), (56 bytes).
    Removing misc.o(i.NVIC_SetVectorTable), (20 bytes).
    Removing misc.o(i.NVIC_SystemLPConfig), (32 bytes).
    Removing misc.o(i.SysTick_CLKSourceConfig), (40 bytes).
    Removing stm32f10x_exti.o(i.EXTI_ClearFlag), (12 bytes).
    Removing stm32f10x_exti.o(i.EXTI_ClearITPendingBit), (12 bytes).
    Removing stm32f10x_exti.o(i.EXTI_DeInit), (36 bytes).
    Removing stm32f10x_exti.o(i.EXTI_GenerateSWInterrupt), (16 bytes).
    Removing stm32f10x_exti.o(i.EXTI_GetFlagStatus), (24 bytes).
    Removing stm32f10x_exti.o(i.EXTI_GetITStatus), (40 bytes).
    Removing stm32f10x_exti.o(i.EXTI_Init), (148 bytes).
    Removing stm32f10x_exti.o(i.EXTI_StructInit), (16 bytes).
    Removing stm32f10x_tim.o(i.TI1_Config), (128 bytes).
    Removing stm32f10x_tim.o(i.TI2_Config), (152 bytes).
    Removing stm32f10x_tim.o(i.TI3_Config), (144 bytes).
    Removing stm32f10x_tim.o(i.TI4_Config), (152 bytes).
    Removing stm32f10x_tim.o(i.TIM_ARRPreloadConfig), (24 bytes).
    Removing stm32f10x_tim.o(i.TIM_BDTRConfig), (32 bytes).
    Removing stm32f10x_tim.o(i.TIM_BDTRStructInit), (18 bytes).
    Removing stm32f10x_tim.o(i.TIM_CCPreloadControl), (24 bytes).
    Removing stm32f10x_tim.o(i.TIM_CCxCmd), (30 bytes).
    Removing stm32f10x_tim.o(i.TIM_CCxNCmd), (30 bytes).
    Removing stm32f10x_tim.o(i.TIM_ClearFlag), (6 bytes).
    Removing stm32f10x_tim.o(i.TIM_ClearITPendingBit), (6 bytes).
    Removing stm32f10x_tim.o(i.TIM_ClearOC1Ref), (18 bytes).
    Removing stm32f10x_tim.o(i.TIM_ClearOC2Ref), (24 bytes).
    Removing stm32f10x_tim.o(i.TIM_ClearOC3Ref), (18 bytes).
    Removing stm32f10x_tim.o(i.TIM_ClearOC4Ref), (24 bytes).
    Removing stm32f10x_tim.o(i.TIM_CounterModeConfig), (18 bytes).
    Removing stm32f10x_tim.o(i.TIM_CtrlPWMOutputs), (30 bytes).
    Removing stm32f10x_tim.o(i.TIM_DMACmd), (18 bytes).
    Removing stm32f10x_tim.o(i.TIM_DMAConfig), (10 bytes).
    Removing stm32f10x_tim.o(i.TIM_DeInit), (488 bytes).
    Removing stm32f10x_tim.o(i.TIM_ETRClockMode1Config), (54 bytes).
    Removing stm32f10x_tim.o(i.TIM_ETRClockMode2Config), (32 bytes).
    Removing stm32f10x_tim.o(i.TIM_ETRConfig), (28 bytes).
    Removing stm32f10x_tim.o(i.TIM_EncoderInterfaceConfig), (66 bytes).
    Removing stm32f10x_tim.o(i.TIM_ForcedOC1Config), (18 bytes).
    Removing stm32f10x_tim.o(i.TIM_ForcedOC2Config), (26 bytes).
    Removing stm32f10x_tim.o(i.TIM_ForcedOC3Config), (18 bytes).
    Removing stm32f10x_tim.o(i.TIM_ForcedOC4Config), (26 bytes).
    Removing stm32f10x_tim.o(i.TIM_GenerateEvent), (4 bytes).
    Removing stm32f10x_tim.o(i.TIM_GetCapture1), (6 bytes).
    Removing stm32f10x_tim.o(i.TIM_GetCapture2), (6 bytes).
    Removing stm32f10x_tim.o(i.TIM_GetCapture3), (6 bytes).
    Removing stm32f10x_tim.o(i.TIM_GetCapture4), (8 bytes).
    Removing stm32f10x_tim.o(i.TIM_GetFlagStatus), (18 bytes).
    Removing stm32f10x_tim.o(i.TIM_GetITStatus), (34 bytes).
    Removing stm32f10x_tim.o(i.TIM_GetPrescaler), (6 bytes).
    Removing stm32f10x_tim.o(i.TIM_ICInit), (172 bytes).
    Removing stm32f10x_tim.o(i.TIM_ICStructInit), (18 bytes).
    Removing stm32f10x_tim.o(i.TIM_ITConfig), (18 bytes).
    Removing stm32f10x_tim.o(i.TIM_ITRxExternalClockConfig), (24 bytes).
    Removing stm32f10x_tim.o(i.TIM_InternalClockConfig), (12 bytes).
    Removing stm32f10x_tim.o(i.TIM_OC1FastConfig), (18 bytes).
    Removing stm32f10x_tim.o(i.TIM_OC1Init), (152 bytes).
    Removing stm32f10x_tim.o(i.TIM_OC1NPolarityConfig), (18 bytes).
    Removing stm32f10x_tim.o(i.TIM_OC1PolarityConfig), (18 bytes).
    Removing stm32f10x_tim.o(i.TIM_OC1PreloadConfig), (18 bytes).
    Removing stm32f10x_tim.o(i.TIM_OC2FastConfig), (26 bytes).
    Removing stm32f10x_tim.o(i.TIM_OC2Init), (164 bytes).
    Removing stm32f10x_tim.o(i.TIM_OC2NPolarityConfig), (26 bytes).
    Removing stm32f10x_tim.o(i.TIM_OC2PolarityConfig), (26 bytes).
    Removing stm32f10x_tim.o(i.TIM_OC2PreloadConfig), (26 bytes).
    Removing stm32f10x_tim.o(i.TIM_OC3FastConfig), (18 bytes).
    Removing stm32f10x_tim.o(i.TIM_OC3Init), (160 bytes).
    Removing stm32f10x_tim.o(i.TIM_OC3NPolarityConfig), (26 bytes).
    Removing stm32f10x_tim.o(i.TIM_OC3PolarityConfig), (26 bytes).
    Removing stm32f10x_tim.o(i.TIM_OC3PreloadConfig), (18 bytes).
    Removing stm32f10x_tim.o(i.TIM_OC4FastConfig), (26 bytes).
    Removing stm32f10x_tim.o(i.TIM_OC4Init), (124 bytes).
    Removing stm32f10x_tim.o(i.TIM_OC4PolarityConfig), (26 bytes).
    Removing stm32f10x_tim.o(i.TIM_OC4PreloadConfig), (26 bytes).
    Removing stm32f10x_tim.o(i.TIM_OCStructInit), (20 bytes).
    Removing stm32f10x_tim.o(i.TIM_PWMIConfig), (124 bytes).
    Removing stm32f10x_tim.o(i.TIM_PrescalerConfig), (6 bytes).
    Removing stm32f10x_tim.o(i.TIM_SelectCCDMA), (24 bytes).
    Removing stm32f10x_tim.o(i.TIM_SelectCOM), (24 bytes).
    Removing stm32f10x_tim.o(i.TIM_SelectHallSensor), (24 bytes).
    Removing stm32f10x_tim.o(i.TIM_SelectInputTrigger), (18 bytes).
    Removing stm32f10x_tim.o(i.TIM_SelectMasterSlaveMode), (18 bytes).
    Removing stm32f10x_tim.o(i.TIM_SelectOCxM), (82 bytes).
    Removing stm32f10x_tim.o(i.TIM_SelectOnePulseMode), (18 bytes).
    Removing stm32f10x_tim.o(i.TIM_SelectOutputTrigger), (18 bytes).
    Removing stm32f10x_tim.o(i.TIM_SelectSlaveMode), (18 bytes).
    Removing stm32f10x_tim.o(i.TIM_SetAutoreload), (4 bytes).
    Removing stm32f10x_tim.o(i.TIM_SetClockDivision), (18 bytes).
    Removing stm32f10x_tim.o(i.TIM_SetCompare1), (4 bytes).
    Removing stm32f10x_tim.o(i.TIM_SetCompare2), (4 bytes).
    Removing stm32f10x_tim.o(i.TIM_SetCompare3), (4 bytes).
    Removing stm32f10x_tim.o(i.TIM_SetCompare4), (6 bytes).
    Removing stm32f10x_tim.o(i.TIM_SetIC1Prescaler), (18 bytes).
    Removing stm32f10x_tim.o(i.TIM_SetIC2Prescaler), (26 bytes).
    Removing stm32f10x_tim.o(i.TIM_SetIC3Prescaler), (18 bytes).
    Removing stm32f10x_tim.o(i.TIM_SetIC4Prescaler), (26 bytes).
    Removing stm32f10x_tim.o(i.TIM_TIxExternalClockConfig), (62 bytes).
    Removing stm32f10x_tim.o(i.TIM_TimeBaseStructInit), (18 bytes).
    Removing stm32f10x_tim.o(i.TIM_UpdateDisableConfig), (24 bytes).
    Removing stm32f10x_tim.o(i.TIM_UpdateRequestConfig), (24 bytes).
    Removing stm32f10x_flash.o(i.FLASH_ClearFlag), (12 bytes).
    Removing stm32f10x_flash.o(i.FLASH_EnableWriteProtection), (196 bytes).
    Removing stm32f10x_flash.o(i.FLASH_EraseAllBank1Pages), (72 bytes).
    Removing stm32f10x_flash.o(i.FLASH_EraseAllPages), (72 bytes).
    Removing stm32f10x_flash.o(i.FLASH_EraseOptionBytes), (168 bytes).
    Removing stm32f10x_flash.o(i.FLASH_ErasePage), (76 bytes).
    Removing stm32f10x_flash.o(i.FLASH_GetBank1Status), (52 bytes).
    Removing stm32f10x_flash.o(i.FLASH_GetFlagStatus), (48 bytes).
    Removing stm32f10x_flash.o(i.FLASH_GetPrefetchBufferStatus), (24 bytes).
    Removing stm32f10x_flash.o(i.FLASH_GetReadOutProtectionStatus), (24 bytes).
    Removing stm32f10x_flash.o(i.FLASH_GetStatus), (52 bytes).
    Removing stm32f10x_flash.o(i.FLASH_GetUserOptionByte), (12 bytes).
    Removing stm32f10x_flash.o(i.FLASH_GetWriteProtectionOptionByte), (12 bytes).
    Removing stm32f10x_flash.o(i.FLASH_HalfCycleAccessCmd), (28 bytes).
    Removing stm32f10x_flash.o(i.FLASH_ITConfig), (32 bytes).
    Removing stm32f10x_flash.o(i.FLASH_Lock), (20 bytes).
    Removing stm32f10x_flash.o(i.FLASH_LockBank1), (20 bytes).
    Removing stm32f10x_flash.o(i.FLASH_PrefetchBufferCmd), (28 bytes).
    Removing stm32f10x_flash.o(i.FLASH_ProgramHalfWord), (64 bytes).
    Removing stm32f10x_flash.o(i.FLASH_ProgramOptionByteData), (84 bytes).
    Removing stm32f10x_flash.o(i.FLASH_ProgramWord), (108 bytes).
    Removing stm32f10x_flash.o(i.FLASH_ReadOutProtection), (172 bytes).
    Removing stm32f10x_flash.o(i.FLASH_SetLatency), (24 bytes).
    Removing stm32f10x_flash.o(i.FLASH_Unlock), (24 bytes).
    Removing stm32f10x_flash.o(i.FLASH_UnlockBank1), (24 bytes).
    Removing stm32f10x_flash.o(i.FLASH_UserOptionByteConfig), (104 bytes).
    Removing stm32f10x_flash.o(i.FLASH_WaitForLastBank1Operation), (38 bytes).
    Removing stm32f10x_flash.o(i.FLASH_WaitForLastOperation), (38 bytes).
    Removing stm32f10x_usart.o(i.USART_ClearFlag), (18 bytes).
    Removing stm32f10x_usart.o(i.USART_ClearITPendingBit), (30 bytes).
    Removing stm32f10x_usart.o(i.USART_ClockInit), (34 bytes).
    Removing stm32f10x_usart.o(i.USART_ClockStructInit), (12 bytes).
    Removing stm32f10x_usart.o(i.USART_DMACmd), (18 bytes).
    Removing stm32f10x_usart.o(i.USART_DeInit), (156 bytes).
    Removing stm32f10x_usart.o(i.USART_HalfDuplexCmd), (24 bytes).
    Removing stm32f10x_usart.o(i.USART_IrDACmd), (24 bytes).
    Removing stm32f10x_usart.o(i.USART_IrDAConfig), (18 bytes).
    Removing stm32f10x_usart.o(i.USART_LINBreakDetectLengthConfig), (18 bytes).
    Removing stm32f10x_usart.o(i.USART_LINCmd), (24 bytes).
    Removing stm32f10x_usart.o(i.USART_OneBitMethodCmd), (24 bytes).
    Removing stm32f10x_usart.o(i.USART_OverSampling8Cmd), (22 bytes).
    Removing stm32f10x_usart.o(i.USART_ReceiverWakeUpCmd), (24 bytes).
    Removing stm32f10x_usart.o(i.USART_SendBreak), (10 bytes).
    Removing stm32f10x_usart.o(i.USART_SetAddress), (18 bytes).
    Removing stm32f10x_usart.o(i.USART_SetGuardTime), (16 bytes).
    Removing stm32f10x_usart.o(i.USART_SetPrescaler), (16 bytes).
    Removing stm32f10x_usart.o(i.USART_SmartCardCmd), (24 bytes).
    Removing stm32f10x_usart.o(i.USART_SmartCardNACKCmd), (24 bytes).
    Removing stm32f10x_usart.o(i.USART_StructInit), (24 bytes).
    Removing stm32f10x_usart.o(i.USART_WakeUpConfig), (18 bytes).
    Removing system_stm32f10x.o(i.SystemCoreClockUpdate), (164 bytes).
    Removing system_stm32f10x.o(.data), (20 bytes).
    Removing core_cm3.o(.emb_text), (32 bytes).
    Removing systick.o(i.delay_us), (12 bytes).
    Removing usart.o(i.fputc), (36 bytes).
    Removing usart.o(.data), (2 bytes).
    Removing lcd1602.o(i.lcd1602_clear), (10 bytes).
    Removing lcd1602.o(i.lcd1602_show_num), (138 bytes).
    Removing lcd1602.o(i.lcd1602_show_nums), (134 bytes).
    Removing lcd1602.o(i.num_pow), (22 bytes).
    Removing beep.o(i.didi), (12 bytes).
    Removing menu.o(i.ctrl_pin_init), (40 bytes).

203 unused section(s) (total 8700 bytes) removed from the image.

==============================================================================

Image Symbol Table

    Local Symbols

    Symbol Name                              Value     Ov Type        Size  Object(Section)

    ../clib/microlib/init/entry.s            0x00000000   Number         0  entry11a.o ABSOLUTE
    ../clib/microlib/init/entry.s            0x00000000   Number         0  entry9b.o ABSOLUTE
    ../clib/microlib/init/entry.s            0x00000000   Number         0  entry7b.o ABSOLUTE
    ../clib/microlib/init/entry.s            0x00000000   Number         0  entry8a.o ABSOLUTE
    ../clib/microlib/init/entry.s            0x00000000   Number         0  entry8b.o ABSOLUTE
    ../clib/microlib/init/entry.s            0x00000000   Number         0  entry.o ABSOLUTE
    ../clib/microlib/init/entry.s            0x00000000   Number         0  entry7a.o ABSOLUTE
    ../clib/microlib/init/entry.s            0x00000000   Number         0  entry9a.o ABSOLUTE
    ../clib/microlib/init/entry.s            0x00000000   Number         0  entry10b.o ABSOLUTE
    ../clib/microlib/init/entry.s            0x00000000   Number         0  entry5.o ABSOLUTE
    ../clib/microlib/init/entry.s            0x00000000   Number         0  entry10a.o ABSOLUTE
    ../clib/microlib/init/entry.s            0x00000000   Number         0  entry2.o ABSOLUTE
    ../clib/microlib/init/entry.s            0x00000000   Number         0  entry11b.o ABSOLUTE
    ../clib/microlib/longlong.c              0x00000000   Number         0  llushr.o ABSOLUTE
    ../clib/microlib/longlong.c              0x00000000   Number         0  llshl.o ABSOLUTE
    ../clib/microlib/stubs.s                 0x00000000   Number         0  iusefp.o ABSOLUTE
    ../fplib/microlib/d2f.c                  0x00000000   Number         0  d2f.o ABSOLUTE
    ../fplib/microlib/f2d.c                  0x00000000   Number         0  f2d.o ABSOLUTE
    ../fplib/microlib/fpdiv.c                0x00000000   Number         0  ddiv.o ABSOLUTE
    ../fplib/microlib/fpepilogue.c           0x00000000   Number         0  fepilogue.o ABSOLUTE
    ../fplib/microlib/fpepilogue.c           0x00000000   Number         0  depilogue.o ABSOLUTE
    ../fplib/microlib/fpfix.c                0x00000000   Number         0  ffixui.o ABSOLUTE
    ../fplib/microlib/fpflt.c                0x00000000   Number         0  ffltui.o ABSOLUTE
    ../fplib/microlib/fpmul.c                0x00000000   Number         0  dmul.o ABSOLUTE
    Hardware\BEEP\beep.c                     0x00000000   Number         0  beep.o ABSOLUTE
    Hardware\dc_motor\dc_motor.c             0x00000000   Number         0  dc_motor.o ABSOLUTE
    Hardware\key\key.c                       0x00000000   Number         0  key.o ABSOLUTE
    Hardware\lcd1602\lcd1602.c               0x00000000   Number         0  lcd1602.o ABSOLUTE
    Hardware\sr04\sr04.c                     0x00000000   Number         0  sr04.o ABSOLUTE
    Libraries\CMSIS\core_cm3.c               0x00000000   Number         0  core_cm3.o ABSOLUTE
    Libraries\CMSIS\startup_stm32f10x_md.s   0x00000000   Number         0  startup_stm32f10x_md.o ABSOLUTE
    Libraries\CMSIS\system_stm32f10x.c       0x00000000   Number         0  system_stm32f10x.o ABSOLUTE
    Libraries\STM32F10x_StdPeriph_Driver\src\misc.c 0x00000000   Number         0  misc.o ABSOLUTE
    Libraries\STM32F10x_StdPeriph_Driver\src\stm32f10x_exti.c 0x00000000   Number         0  stm32f10x_exti.o ABSOLUTE
    Libraries\STM32F10x_StdPeriph_Driver\src\stm32f10x_flash.c 0x00000000   Number         0  stm32f10x_flash.o ABSOLUTE
    Libraries\STM32F10x_StdPeriph_Driver\src\stm32f10x_gpio.c 0x00000000   Number         0  stm32f10x_gpio.o ABSOLUTE
    Libraries\STM32F10x_StdPeriph_Driver\src\stm32f10x_rcc.c 0x00000000   Number         0  stm32f10x_rcc.o ABSOLUTE
    Libraries\STM32F10x_StdPeriph_Driver\src\stm32f10x_tim.c 0x00000000   Number         0  stm32f10x_tim.o ABSOLUTE
    Libraries\STM32F10x_StdPeriph_Driver\src\stm32f10x_usart.c 0x00000000   Number         0  stm32f10x_usart.o ABSOLUTE
    Libraries\\CMSIS\\core_cm3.c             0x00000000   Number         0  core_cm3.o ABSOLUTE
    Public\SysTick.c                         0x00000000   Number         0  systick.o ABSOLUTE
    Public\system.c                          0x00000000   Number         0  system.o ABSOLUTE
    Public\usart.c                           0x00000000   Number         0  usart.o ABSOLUTE
    Software\menu\menu.c                     0x00000000   Number         0  menu.o ABSOLUTE
    User\main.c                              0x00000000   Number         0  main.o ABSOLUTE
    User\stm32f10x_it.c                      0x00000000   Number         0  stm32f10x_it.o ABSOLUTE
    dc.s                                     0x00000000   Number         0  dc.o ABSOLUTE
    handlers.s                               0x00000000   Number         0  handlers.o ABSOLUTE
    init.s                                   0x00000000   Number         0  init.o ABSOLUTE
    RESET                                    0x08000000   Section      236  startup_stm32f10x_md.o(RESET)
    .ARM.Collect$$$$00000000                 0x080000ec   Section        0  entry.o(.ARM.Collect$$$$00000000)
    .ARM.Collect$$$$00000001                 0x080000ec   Section        4  entry2.o(.ARM.Collect$$$$00000001)
    .ARM.Collect$$$$00000004                 0x080000f0   Section        4  entry5.o(.ARM.Collect$$$$00000004)
    .ARM.Collect$$$$00000008                 0x080000f4   Section        0  entry7b.o(.ARM.Collect$$$$00000008)
    .ARM.Collect$$$$0000000A                 0x080000f4   Section        0  entry8b.o(.ARM.Collect$$$$0000000A)
    .ARM.Collect$$$$0000000B                 0x080000f4   Section        8  entry9a.o(.ARM.Collect$$$$0000000B)
    .ARM.Collect$$$$0000000D                 0x080000fc   Section        0  entry10a.o(.ARM.Collect$$$$0000000D)
    .ARM.Collect$$$$0000000F                 0x080000fc   Section        0  entry11a.o(.ARM.Collect$$$$0000000F)
    .ARM.Collect$$$$00002712                 0x080000fc   Section        4  entry2.o(.ARM.Collect$$$$00002712)
    __lit__00000000                          0x080000fc   Data           4  entry2.o(.ARM.Collect$$$$00002712)
    .text                                    0x08000100   Section       36  startup_stm32f10x_md.o(.text)
    .text                                    0x08000124   Section        0  dmul.o(.text)
    .text                                    0x08000208   Section        0  ddiv.o(.text)
    .text                                    0x080002e6   Section        0  ffltui.o(.text)
    .text                                    0x080002f0   Section        0  ffixui.o(.text)
    .text                                    0x08000318   Section        0  f2d.o(.text)
    .text                                    0x0800033e   Section        0  d2f.o(.text)
    .text                                    0x08000376   Section        0  iusefp.o(.text)
    .text                                    0x08000376   Section        0  fepilogue.o(.text)
    .text                                    0x080003e4   Section        0  depilogue.o(.text)
    .text                                    0x080004a0   Section       36  init.o(.text)
    .text                                    0x080004c4   Section        0  llshl.o(.text)
    .text                                    0x080004e2   Section        0  llushr.o(.text)
    i.BEEP_Init                              0x08000504   Section        0  beep.o(i.BEEP_Init)
    i.BusFault_Handler                       0x08000530   Section        0  stm32f10x_it.o(i.BusFault_Handler)
    i.DebugMon_Handler                       0x08000534   Section        0  stm32f10x_it.o(i.DebugMon_Handler)
    i.GPIO_Init                              0x08000536   Section        0  stm32f10x_gpio.o(i.GPIO_Init)
    i.GPIO_ResetBits                         0x0800064c   Section        0  stm32f10x_gpio.o(i.GPIO_ResetBits)
    i.GPIO_SetBits                           0x08000650   Section        0  stm32f10x_gpio.o(i.GPIO_SetBits)
    i.GPIO_Write                             0x08000654   Section        0  stm32f10x_gpio.o(i.GPIO_Write)
    i.HardFault_Handler                      0x08000658   Section        0  stm32f10x_it.o(i.HardFault_Handler)
    i.KEY_Init                               0x0800065c   Section        0  key.o(i.KEY_Init)
    i.KEY_Scan                               0x080006c4   Section        0  key.o(i.KEY_Scan)
    i.MemManage_Handler                      0x08000754   Section        0  stm32f10x_it.o(i.MemManage_Handler)
    i.NMI_Handler                            0x08000758   Section        0  stm32f10x_it.o(i.NMI_Handler)
    i.NVIC_Init                              0x0800075c   Section        0  misc.o(i.NVIC_Init)
    i.NVIC_PriorityGroupConfig               0x080007cc   Section        0  misc.o(i.NVIC_PriorityGroupConfig)
    i.PendSV_Handler                         0x080007e0   Section        0  stm32f10x_it.o(i.PendSV_Handler)
    i.RCC_APB1PeriphClockCmd                 0x080007e4   Section        0  stm32f10x_rcc.o(i.RCC_APB1PeriphClockCmd)
    i.RCC_APB2PeriphClockCmd                 0x08000804   Section        0  stm32f10x_rcc.o(i.RCC_APB2PeriphClockCmd)
    i.RCC_GetClocksFreq                      0x08000824   Section        0  stm32f10x_rcc.o(i.RCC_GetClocksFreq)
    i.RCC_SYSCLKConfig                       0x080008f8   Section        0  stm32f10x_rcc.o(i.RCC_SYSCLKConfig)
    i.SVC_Handler                            0x08000910   Section        0  stm32f10x_it.o(i.SVC_Handler)
    i.SetSysClock                            0x08000912   Section        0  system_stm32f10x.o(i.SetSysClock)
    SetSysClock                              0x08000913   Thumb Code     8  system_stm32f10x.o(i.SetSysClock)
    i.SetSysClockTo72                        0x0800091c   Section        0  system_stm32f10x.o(i.SetSysClockTo72)
    SetSysClockTo72                          0x0800091d   Thumb Code   214  system_stm32f10x.o(i.SetSysClockTo72)
    i.SysTick_Handler                        0x080009fc   Section        0  stm32f10x_it.o(i.SysTick_Handler)
    i.SystemInit                             0x08000a00   Section        0  system_stm32f10x.o(i.SystemInit)
    i.TIM2_Init                              0x08000a60   Section        0  sr04.o(i.TIM2_Init)
    i.TIM_Cmd                                0x08000a96   Section        0  stm32f10x_tim.o(i.TIM_Cmd)
    i.TIM_GetCounter                         0x08000aae   Section        0  stm32f10x_tim.o(i.TIM_GetCounter)
    i.TIM_SetCounter                         0x08000ab4   Section        0  stm32f10x_tim.o(i.TIM_SetCounter)
    i.TIM_TimeBaseInit                       0x08000ab8   Section        0  stm32f10x_tim.o(i.TIM_TimeBaseInit)
    i.USART1_IRQHandler                      0x08000b5c   Section        0  usart.o(i.USART1_IRQHandler)
    i.USART1_Init                            0x08000b98   Section        0  usart.o(i.USART1_Init)
    i.USART_Cmd                              0x08000c40   Section        0  stm32f10x_usart.o(i.USART_Cmd)
    i.USART_GetFlagStatus                    0x08000c58   Section        0  stm32f10x_usart.o(i.USART_GetFlagStatus)
    i.USART_GetITStatus                      0x08000c72   Section        0  stm32f10x_usart.o(i.USART_GetITStatus)
    i.USART_ITConfig                         0x08000cc6   Section        0  stm32f10x_usart.o(i.USART_ITConfig)
    i.USART_Init                             0x08000d10   Section        0  stm32f10x_usart.o(i.USART_Init)
    i.USART_ReceiveData                      0x08000de8   Section        0  stm32f10x_usart.o(i.USART_ReceiveData)
    i.USART_SendData                         0x08000df2   Section        0  stm32f10x_usart.o(i.USART_SendData)
    i.UsageFault_Handler                     0x08000dfa   Section        0  stm32f10x_it.o(i.UsageFault_Handler)
    i.__scatterload_copy                     0x08000dfe   Section       14  handlers.o(i.__scatterload_copy)
    i.__scatterload_null                     0x08000e0c   Section        2  handlers.o(i.__scatterload_null)
    i.__scatterload_zeroinit                 0x08000e0e   Section       14  handlers.o(i.__scatterload_zeroinit)
    i.car_back                               0x08000e1c   Section        0  dc_motor.o(i.car_back)
    i.car_forward                            0x08000e5c   Section        0  dc_motor.o(i.car_forward)
    i.car_left                               0x08000e9c   Section        0  dc_motor.o(i.car_left)
    i.car_menu                               0x08000ed4   Section        0  menu.o(i.car_menu)
    i.car_right                              0x08000f94   Section        0  dc_motor.o(i.car_right)
    i.car_space_high                         0x08000fd0   Section        0  dc_motor.o(i.car_space_high)
    i.car_space_low                          0x08000ff4   Section        0  dc_motor.o(i.car_space_low)
    i.car_stop                               0x08001018   Section        0  dc_motor.o(i.car_stop)
    i.chuankou                               0x0800104c   Section        0  menu.o(i.chuankou)
    i.csb1                                   0x0800113c   Section        0  sr04.o(i.csb1)
    i.csb2                                   0x080011e8   Section        0  sr04.o(i.csb2)
    i.csb_key                                0x08001294   Section        0  key.o(i.csb_key)
    i.dc_motor_init                          0x080012b8   Section        0  dc_motor.o(i.dc_motor_init)
    i.delay_10us                             0x0800142c   Section        0  systick.o(i.delay_10us)
    i.delay_ms                               0x08001448   Section        0  systick.o(i.delay_ms)
    i.get_csb                                0x08001468   Section        0  menu.o(i.get_csb)
    i.lcd1602_gpio_init                      0x08001518   Section        0  lcd1602.o(i.lcd1602_gpio_init)
    i.lcd1602_init                           0x08001588   Section        0  lcd1602.o(i.lcd1602_init)
    i.lcd1602_show_string                    0x080015a8   Section        0  lcd1602.o(i.lcd1602_show_string)
    i.lcd1602_write_cmd                      0x0800163c   Section        0  lcd1602.o(i.lcd1602_write_cmd)
    i.lcd1602_write_data                     0x08001684   Section        0  lcd1602.o(i.lcd1602_write_data)
    i.main                                   0x080016d0   Section        0  main.o(i.main)
    i.scan_didi                              0x08001704   Section        0  menu.o(i.scan_didi)
    i.scan_space                             0x08001738   Section        0  menu.o(i.scan_space)
    i.show                                   0x08001770   Section        0  menu.o(i.show)
    i.sr04_gpio_init                         0x08001908   Section        0  sr04.o(i.sr04_gpio_init)
    i.ultrasonicwave_init                    0x08001988   Section        0  sr04.o(i.ultrasonicwave_init)
    .data                                    0x20000000   Section       20  stm32f10x_rcc.o(.data)
    APBAHBPrescTable                         0x20000000   Data          16  stm32f10x_rcc.o(.data)
    ADCPrescTable                            0x20000010   Data           4  stm32f10x_rcc.o(.data)
    .data                                    0x20000014   Section        8  menu.o(.data)
    .bss                                     0x2000001c   Section      200  usart.o(.bss)
    STACK                                    0x200000e8   Section     1024  startup_stm32f10x_md.o(STACK)

    Global Symbols

    Symbol Name                              Value     Ov Type        Size  Object(Section)

    BuildAttributes$$THM_ISAv4$P$D$K$B$S$PE$A:L22UL41UL21$X:L11$S22US41US21$IEEE1$IW$USESV6$~STKCKD$USESV7$~SHL$OTIME$ROPI$EBA8$MICROLIB$REQ8$PRES8$EABIv2 0x00000000   Number         0  anon$$obj.o ABSOLUTE
    __ARM_use_no_argv                        0x00000000   Number         0  main.o ABSOLUTE
    __cpp_initialize__aeabi_                  - Undefined Weak Reference
    __cxa_finalize                            - Undefined Weak Reference
    __decompress                              - Undefined Weak Reference
    _clock_init                               - Undefined Weak Reference
    _microlib_exit                            - Undefined Weak Reference
    __Vectors_Size                           0x000000ec   Number         0  startup_stm32f10x_md.o ABSOLUTE
    __Vectors                                0x08000000   Data           4  startup_stm32f10x_md.o(RESET)
    __Vectors_End                            0x080000ec   Data           0  startup_stm32f10x_md.o(RESET)
    __main                                   0x080000ed   Thumb Code     0  entry.o(.ARM.Collect$$$$00000000)
    _main_stk                                0x080000ed   Thumb Code     0  entry2.o(.ARM.Collect$$$$00000001)
    _main_scatterload                        0x080000f1   Thumb Code     0  entry5.o(.ARM.Collect$$$$00000004)
    __main_after_scatterload                 0x080000f5   Thumb Code     0  entry5.o(.ARM.Collect$$$$00000004)
    _main_clock                              0x080000f5   Thumb Code     0  entry7b.o(.ARM.Collect$$$$00000008)
    _main_cpp_init                           0x080000f5   Thumb Code     0  entry8b.o(.ARM.Collect$$$$0000000A)
    _main_init                               0x080000f5   Thumb Code     0  entry9a.o(.ARM.Collect$$$$0000000B)
    __rt_final_cpp                           0x080000fd   Thumb Code     0  entry10a.o(.ARM.Collect$$$$0000000D)
    __rt_final_exit                          0x080000fd   Thumb Code     0  entry11a.o(.ARM.Collect$$$$0000000F)
    Reset_Handler                            0x08000101   Thumb Code     8  startup_stm32f10x_md.o(.text)
    ADC1_2_IRQHandler                        0x0800011b   Thumb Code     0  startup_stm32f10x_md.o(.text)
    CAN1_RX1_IRQHandler                      0x0800011b   Thumb Code     0  startup_stm32f10x_md.o(.text)
    CAN1_SCE_IRQHandler                      0x0800011b   Thumb Code     0  startup_stm32f10x_md.o(.text)
    DMA1_Channel1_IRQHandler                 0x0800011b   Thumb Code     0  startup_stm32f10x_md.o(.text)
    DMA1_Channel2_IRQHandler                 0x0800011b   Thumb Code     0  startup_stm32f10x_md.o(.text)
    DMA1_Channel3_IRQHandler                 0x0800011b   Thumb Code     0  startup_stm32f10x_md.o(.text)
    DMA1_Channel4_IRQHandler                 0x0800011b   Thumb Code     0  startup_stm32f10x_md.o(.text)
    DMA1_Channel5_IRQHandler                 0x0800011b   Thumb Code     0  startup_stm32f10x_md.o(.text)
    DMA1_Channel6_IRQHandler                 0x0800011b   Thumb Code     0  startup_stm32f10x_md.o(.text)
    DMA1_Channel7_IRQHandler                 0x0800011b   Thumb Code     0  startup_stm32f10x_md.o(.text)
    EXTI0_IRQHandler                         0x0800011b   Thumb Code     0  startup_stm32f10x_md.o(.text)
    EXTI15_10_IRQHandler                     0x0800011b   Thumb Code     0  startup_stm32f10x_md.o(.text)
    EXTI1_IRQHandler                         0x0800011b   Thumb Code     0  startup_stm32f10x_md.o(.text)
    EXTI2_IRQHandler                         0x0800011b   Thumb Code     0  startup_stm32f10x_md.o(.text)
    EXTI3_IRQHandler                         0x0800011b   Thumb Code     0  startup_stm32f10x_md.o(.text)
    EXTI4_IRQHandler                         0x0800011b   Thumb Code     0  startup_stm32f10x_md.o(.text)
    EXTI9_5_IRQHandler                       0x0800011b   Thumb Code     0  startup_stm32f10x_md.o(.text)
    FLASH_IRQHandler                         0x0800011b   Thumb Code     0  startup_stm32f10x_md.o(.text)
    I2C1_ER_IRQHandler                       0x0800011b   Thumb Code     0  startup_stm32f10x_md.o(.text)
    I2C1_EV_IRQHandler                       0x0800011b   Thumb Code     0  startup_stm32f10x_md.o(.text)
    I2C2_ER_IRQHandler                       0x0800011b   Thumb Code     0  startup_stm32f10x_md.o(.text)
    I2C2_EV_IRQHandler                       0x0800011b   Thumb Code     0  startup_stm32f10x_md.o(.text)
    PVD_IRQHandler                           0x0800011b   Thumb Code     0  startup_stm32f10x_md.o(.text)
    RCC_IRQHandler                           0x0800011b   Thumb Code     0  startup_stm32f10x_md.o(.text)
    RTCAlarm_IRQHandler                      0x0800011b   Thumb Code     0  startup_stm32f10x_md.o(.text)
    RTC_IRQHandler                           0x0800011b   Thumb Code     0  startup_stm32f10x_md.o(.text)
    SPI1_IRQHandler                          0x0800011b   Thumb Code     0  startup_stm32f10x_md.o(.text)
    SPI2_IRQHandler                          0x0800011b   Thumb Code     0  startup_stm32f10x_md.o(.text)
    TAMPER_IRQHandler                        0x0800011b   Thumb Code     0  startup_stm32f10x_md.o(.text)
    TIM1_BRK_IRQHandler                      0x0800011b   Thumb Code     0  startup_stm32f10x_md.o(.text)
    TIM1_CC_IRQHandler                       0x0800011b   Thumb Code     0  startup_stm32f10x_md.o(.text)
    TIM1_TRG_COM_IRQHandler                  0x0800011b   Thumb Code     0  startup_stm32f10x_md.o(.text)
    TIM1_UP_IRQHandler                       0x0800011b   Thumb Code     0  startup_stm32f10x_md.o(.text)
    TIM2_IRQHandler                          0x0800011b   Thumb Code     0  startup_stm32f10x_md.o(.text)
    TIM3_IRQHandler                          0x0800011b   Thumb Code     0  startup_stm32f10x_md.o(.text)
    TIM4_IRQHandler                          0x0800011b   Thumb Code     0  startup_stm32f10x_md.o(.text)
    USART2_IRQHandler                        0x0800011b   Thumb Code     0  startup_stm32f10x_md.o(.text)
    USART3_IRQHandler                        0x0800011b   Thumb Code     0  startup_stm32f10x_md.o(.text)
    USBWakeUp_IRQHandler                     0x0800011b   Thumb Code     0  startup_stm32f10x_md.o(.text)
    USB_HP_CAN1_TX_IRQHandler                0x0800011b   Thumb Code     0  startup_stm32f10x_md.o(.text)
    USB_LP_CAN1_RX0_IRQHandler               0x0800011b   Thumb Code     0  startup_stm32f10x_md.o(.text)
    WWDG_IRQHandler                          0x0800011b   Thumb Code     0  startup_stm32f10x_md.o(.text)
    __aeabi_dmul                             0x08000125   Thumb Code   228  dmul.o(.text)
    __aeabi_ddiv                             0x08000209   Thumb Code   222  ddiv.o(.text)
    __aeabi_ui2f                             0x080002e7   Thumb Code    10  ffltui.o(.text)
    __aeabi_f2uiz                            0x080002f1   Thumb Code    40  ffixui.o(.text)
    __aeabi_f2d                              0x08000319   Thumb Code    38  f2d.o(.text)
    __aeabi_d2f                              0x0800033f   Thumb Code    56  d2f.o(.text)
    __I$use$fp                               0x08000377   Thumb Code     0  iusefp.o(.text)
    _float_round                             0x08000377   Thumb Code    18  fepilogue.o(.text)
    _float_epilogue                          0x08000389   Thumb Code    92  fepilogue.o(.text)
    _double_round                            0x080003e5   Thumb Code    30  depilogue.o(.text)
    _double_epilogue                         0x08000403   Thumb Code   156  depilogue.o(.text)
    __scatterload                            0x080004a1   Thumb Code    28  init.o(.text)
    __scatterload_rt2                        0x080004a1   Thumb Code     0  init.o(.text)
    __aeabi_llsl                             0x080004c5   Thumb Code    30  llshl.o(.text)
    _ll_shift_l                              0x080004c5   Thumb Code     0  llshl.o(.text)
    __aeabi_llsr                             0x080004e3   Thumb Code    32  llushr.o(.text)
    _ll_ushift_r                             0x080004e3   Thumb Code     0  llushr.o(.text)
    BEEP_Init                                0x08000505   Thumb Code    38  beep.o(i.BEEP_Init)
    BusFault_Handler                         0x08000531   Thumb Code     4  stm32f10x_it.o(i.BusFault_Handler)
    DebugMon_Handler                         0x08000535   Thumb Code     2  stm32f10x_it.o(i.DebugMon_Handler)
    GPIO_Init                                0x08000537   Thumb Code   278  stm32f10x_gpio.o(i.GPIO_Init)
    GPIO_ResetBits                           0x0800064d   Thumb Code     4  stm32f10x_gpio.o(i.GPIO_ResetBits)
    GPIO_SetBits                             0x08000651   Thumb Code     4  stm32f10x_gpio.o(i.GPIO_SetBits)
    GPIO_Write                               0x08000655   Thumb Code     4  stm32f10x_gpio.o(i.GPIO_Write)
    HardFault_Handler                        0x08000659   Thumb Code     4  stm32f10x_it.o(i.HardFault_Handler)
    KEY_Init                                 0x0800065d   Thumb Code    94  key.o(i.KEY_Init)
    KEY_Scan                                 0x080006c5   Thumb Code   136  key.o(i.KEY_Scan)
    MemManage_Handler                        0x08000755   Thumb Code     4  stm32f10x_it.o(i.MemManage_Handler)
    NMI_Handler                              0x08000759   Thumb Code     2  stm32f10x_it.o(i.NMI_Handler)
    NVIC_Init                                0x0800075d   Thumb Code   100  misc.o(i.NVIC_Init)
    NVIC_PriorityGroupConfig                 0x080007cd   Thumb Code    10  misc.o(i.NVIC_PriorityGroupConfig)
    PendSV_Handler                           0x080007e1   Thumb Code     2  stm32f10x_it.o(i.PendSV_Handler)
    RCC_APB1PeriphClockCmd                   0x080007e5   Thumb Code    26  stm32f10x_rcc.o(i.RCC_APB1PeriphClockCmd)
    RCC_APB2PeriphClockCmd                   0x08000805   Thumb Code    26  stm32f10x_rcc.o(i.RCC_APB2PeriphClockCmd)
    RCC_GetClocksFreq                        0x08000825   Thumb Code   192  stm32f10x_rcc.o(i.RCC_GetClocksFreq)
    RCC_SYSCLKConfig                         0x080008f9   Thumb Code    18  stm32f10x_rcc.o(i.RCC_SYSCLKConfig)
    SVC_Handler                              0x08000911   Thumb Code     2  stm32f10x_it.o(i.SVC_Handler)
    SysTick_Handler                          0x080009fd   Thumb Code     2  stm32f10x_it.o(i.SysTick_Handler)
    SystemInit                               0x08000a01   Thumb Code    78  system_stm32f10x.o(i.SystemInit)
    TIM2_Init                                0x08000a61   Thumb Code    54  sr04.o(i.TIM2_Init)
    TIM_Cmd                                  0x08000a97   Thumb Code    24  stm32f10x_tim.o(i.TIM_Cmd)
    TIM_GetCounter                           0x08000aaf   Thumb Code     6  stm32f10x_tim.o(i.TIM_GetCounter)
    TIM_SetCounter                           0x08000ab5   Thumb Code     4  stm32f10x_tim.o(i.TIM_SetCounter)
    TIM_TimeBaseInit                         0x08000ab9   Thumb Code   122  stm32f10x_tim.o(i.TIM_TimeBaseInit)
    USART1_IRQHandler                        0x08000b5d   Thumb Code    50  usart.o(i.USART1_IRQHandler)
    USART1_Init                              0x08000b99   Thumb Code   158  usart.o(i.USART1_Init)
    USART_Cmd                                0x08000c41   Thumb Code    24  stm32f10x_usart.o(i.USART_Cmd)
    USART_GetFlagStatus                      0x08000c59   Thumb Code    26  stm32f10x_usart.o(i.USART_GetFlagStatus)
    USART_GetITStatus                        0x08000c73   Thumb Code    84  stm32f10x_usart.o(i.USART_GetITStatus)
    USART_ITConfig                           0x08000cc7   Thumb Code    74  stm32f10x_usart.o(i.USART_ITConfig)
    USART_Init                               0x08000d11   Thumb Code   210  stm32f10x_usart.o(i.USART_Init)
    USART_ReceiveData                        0x08000de9   Thumb Code    10  stm32f10x_usart.o(i.USART_ReceiveData)
    USART_SendData                           0x08000df3   Thumb Code     8  stm32f10x_usart.o(i.USART_SendData)
    UsageFault_Handler                       0x08000dfb   Thumb Code     4  stm32f10x_it.o(i.UsageFault_Handler)
    __scatterload_copy                       0x08000dff   Thumb Code    14  handlers.o(i.__scatterload_copy)
    __scatterload_null                       0x08000e0d   Thumb Code     2  handlers.o(i.__scatterload_null)
    __scatterload_zeroinit                   0x08000e0f   Thumb Code    14  handlers.o(i.__scatterload_zeroinit)
    car_back                                 0x08000e1d   Thumb Code    56  dc_motor.o(i.car_back)
    car_forward                              0x08000e5d   Thumb Code    56  dc_motor.o(i.car_forward)
    car_left                                 0x08000e9d   Thumb Code    48  dc_motor.o(i.car_left)
    car_menu                                 0x08000ed5   Thumb Code   186  menu.o(i.car_menu)
    car_right                                0x08000f95   Thumb Code    50  dc_motor.o(i.car_right)
    car_space_high                           0x08000fd1   Thumb Code    26  dc_motor.o(i.car_space_high)
    car_space_low                            0x08000ff5   Thumb Code    26  dc_motor.o(i.car_space_low)
    car_stop                                 0x08001019   Thumb Code    42  dc_motor.o(i.car_stop)
    chuankou                                 0x0800104d   Thumb Code   228  menu.o(i.chuankou)
    csb1                                     0x0800113d   Thumb Code   150  sr04.o(i.csb1)
    csb2                                     0x080011e9   Thumb Code   150  sr04.o(i.csb2)
    csb_key                                  0x08001295   Thumb Code    32  key.o(i.csb_key)
    dc_motor_init                            0x080012b9   Thumb Code   348  dc_motor.o(i.dc_motor_init)
    delay_10us                               0x0800142d   Thumb Code    28  systick.o(i.delay_10us)
    delay_ms                                 0x08001449   Thumb Code    32  systick.o(i.delay_ms)
    get_csb                                  0x08001469   Thumb Code   158  menu.o(i.get_csb)
    lcd1602_gpio_init                        0x08001519   Thumb Code   104  lcd1602.o(i.lcd1602_gpio_init)
    lcd1602_init                             0x08001589   Thumb Code    32  lcd1602.o(i.lcd1602_init)
    lcd1602_show_string                      0x080015a9   Thumb Code   146  lcd1602.o(i.lcd1602_show_string)
    lcd1602_write_cmd                        0x0800163d   Thumb Code    60  lcd1602.o(i.lcd1602_write_cmd)
    lcd1602_write_data                       0x08001685   Thumb Code    62  lcd1602.o(i.lcd1602_write_data)
    main                                     0x080016d1   Thumb Code    50  main.o(i.main)
    scan_didi                                0x08001705   Thumb Code    40  menu.o(i.scan_didi)
    scan_space                               0x08001739   Thumb Code    48  menu.o(i.scan_space)
    show                                     0x08001771   Thumb Code   294  menu.o(i.show)
    sr04_gpio_init                           0x08001909   Thumb Code   120  sr04.o(i.sr04_gpio_init)
    ultrasonicwave_init                      0x08001989   Thumb Code    32  sr04.o(i.ultrasonicwave_init)
    Region$$Table$$Base                      0x080019b0   Number         0  anon$$obj.o(Region$$Table)
    Region$$Table$$Limit                     0x080019d0   Number         0  anon$$obj.o(Region$$Table)
    space                                    0x20000014   Data           1  menu.o(.data)
    laba                                     0x20000015   Data           1  menu.o(.data)
    bz                                       0x20000016   Data           1  menu.o(.data)
    dis1                                     0x20000018   Data           2  menu.o(.data)
    dis2                                     0x2000001a   Data           2  menu.o(.data)
    USART1_RX_BUF                            0x2000001c   Data         200  usart.o(.bss)
    __initial_sp                             0x200004e8   Data           0  startup_stm32f10x_md.o(STACK)



==============================================================================

Memory Map of the image

  Image Entry point : 0x080000ed

  Load Region LR_IROM1 (Base: 0x08000000, Size: 0x000019ec, Max: 0x00008000, ABSOLUTE)

    Execution Region ER_IROM1 (Base: 0x08000000, Size: 0x000019d0, Max: 0x00008000, ABSOLUTE)

    Base Addr    Size         Type   Attr      Idx    E Section Name        Object

    0x08000000   0x000000ec   Data   RO          220    RESET               startup_stm32f10x_md.o
    0x080000ec   0x00000000   Code   RO         1904  * .ARM.Collect$$$$00000000  mc_w.l(entry.o)
    0x080000ec   0x00000004   Code   RO         1919    .ARM.Collect$$$$00000001  mc_w.l(entry2.o)
    0x080000f0   0x00000004   Code   RO         1922    .ARM.Collect$$$$00000004  mc_w.l(entry5.o)
    0x080000f4   0x00000000   Code   RO         1924    .ARM.Collect$$$$00000008  mc_w.l(entry7b.o)
    0x080000f4   0x00000000   Code   RO         1926    .ARM.Collect$$$$0000000A  mc_w.l(entry8b.o)
    0x080000f4   0x00000008   Code   RO         1927    .ARM.Collect$$$$0000000B  mc_w.l(entry9a.o)
    0x080000fc   0x00000000   Code   RO         1929    .ARM.Collect$$$$0000000D  mc_w.l(entry10a.o)
    0x080000fc   0x00000000   Code   RO         1931    .ARM.Collect$$$$0000000F  mc_w.l(entry11a.o)
    0x080000fc   0x00000004   Code   RO         1920    .ARM.Collect$$$$00002712  mc_w.l(entry2.o)
    0x08000100   0x00000024   Code   RO          221    .text               startup_stm32f10x_md.o
    0x08000124   0x000000e4   Code   RO         1907    .text               mf_w.l(dmul.o)
    0x08000208   0x000000de   Code   RO         1909    .text               mf_w.l(ddiv.o)
    0x080002e6   0x0000000a   Code   RO         1911    .text               mf_w.l(ffltui.o)
    0x080002f0   0x00000028   Code   RO         1913    .text               mf_w.l(ffixui.o)
    0x08000318   0x00000026   Code   RO         1915    .text               mf_w.l(f2d.o)
    0x0800033e   0x00000038   Code   RO         1917    .text               mf_w.l(d2f.o)
    0x08000376   0x00000000   Code   RO         1933    .text               mc_w.l(iusefp.o)
    0x08000376   0x0000006e   Code   RO         1934    .text               mf_w.l(fepilogue.o)
    0x080003e4   0x000000ba   Code   RO         1936    .text               mf_w.l(depilogue.o)
    0x0800049e   0x00000002   PAD
    0x080004a0   0x00000024   Code   RO         1938    .text               mc_w.l(init.o)
    0x080004c4   0x0000001e   Code   RO         1940    .text               mc_w.l(llshl.o)
    0x080004e2   0x00000020   Code   RO         1942    .text               mc_w.l(llushr.o)
    0x08000502   0x00000002   PAD
    0x08000504   0x0000002c   Code   RO         1790    i.BEEP_Init         beep.o
    0x08000530   0x00000004   Code   RO          133    i.BusFault_Handler  stm32f10x_it.o
    0x08000534   0x00000002   Code   RO          134    i.DebugMon_Handler  stm32f10x_it.o
    0x08000536   0x00000116   Code   RO          232    i.GPIO_Init         stm32f10x_gpio.o
    0x0800064c   0x00000004   Code   RO          239    i.GPIO_ResetBits    stm32f10x_gpio.o
    0x08000650   0x00000004   Code   RO          240    i.GPIO_SetBits      stm32f10x_gpio.o
    0x08000654   0x00000004   Code   RO          242    i.GPIO_Write        stm32f10x_gpio.o
    0x08000658   0x00000004   Code   RO          135    i.HardFault_Handler  stm32f10x_it.o
    0x0800065c   0x00000068   Code   RO         1700    i.KEY_Init          key.o
    0x080006c4   0x00000090   Code   RO         1701    i.KEY_Scan          key.o
    0x08000754   0x00000004   Code   RO          136    i.MemManage_Handler  stm32f10x_it.o
    0x08000758   0x00000002   Code   RO          137    i.NMI_Handler       stm32f10x_it.o
    0x0800075a   0x00000002   PAD
    0x0800075c   0x00000070   Code   RO          540    i.NVIC_Init         misc.o
    0x080007cc   0x00000014   Code   RO          541    i.NVIC_PriorityGroupConfig  misc.o
    0x080007e0   0x00000002   Code   RO          138    i.PendSV_Handler    stm32f10x_it.o
    0x080007e2   0x00000002   PAD
    0x080007e4   0x00000020   Code   RO          342    i.RCC_APB1PeriphClockCmd  stm32f10x_rcc.o
    0x08000804   0x00000020   Code   RO          344    i.RCC_APB2PeriphClockCmd  stm32f10x_rcc.o
    0x08000824   0x000000d4   Code   RO          352    i.RCC_GetClocksFreq  stm32f10x_rcc.o
    0x080008f8   0x00000018   Code   RO          369    i.RCC_SYSCLKConfig  stm32f10x_rcc.o
    0x08000910   0x00000002   Code   RO          139    i.SVC_Handler       stm32f10x_it.o
    0x08000912   0x00000008   Code   RO         1532    i.SetSysClock       system_stm32f10x.o
    0x0800091a   0x00000002   PAD
    0x0800091c   0x000000e0   Code   RO         1533    i.SetSysClockTo72   system_stm32f10x.o
    0x080009fc   0x00000002   Code   RO          140    i.SysTick_Handler   stm32f10x_it.o
    0x080009fe   0x00000002   PAD
    0x08000a00   0x00000060   Code   RO         1535    i.SystemInit        system_stm32f10x.o
    0x08000a60   0x00000036   Code   RO         1811    i.TIM2_Init         sr04.o
    0x08000a96   0x00000018   Code   RO          646    i.TIM_Cmd           stm32f10x_tim.o
    0x08000aae   0x00000006   Code   RO          665    i.TIM_GetCounter    stm32f10x_tim.o
    0x08000ab4   0x00000004   Code   RO          711    i.TIM_SetCounter    stm32f10x_tim.o
    0x08000ab8   0x000000a4   Code   RO          717    i.TIM_TimeBaseInit  stm32f10x_tim.o
    0x08000b5c   0x0000003c   Code   RO         1612    i.USART1_IRQHandler  usart.o
    0x08000b98   0x000000a8   Code   RO         1613    i.USART1_Init       usart.o
    0x08000c40   0x00000018   Code   RO         1356    i.USART_Cmd         stm32f10x_usart.o
    0x08000c58   0x0000001a   Code   RO         1359    i.USART_GetFlagStatus  stm32f10x_usart.o
    0x08000c72   0x00000054   Code   RO         1360    i.USART_GetITStatus  stm32f10x_usart.o
    0x08000cc6   0x0000004a   Code   RO         1362    i.USART_ITConfig    stm32f10x_usart.o
    0x08000d10   0x000000d8   Code   RO         1363    i.USART_Init        stm32f10x_usart.o
    0x08000de8   0x0000000a   Code   RO         1370    i.USART_ReceiveData  stm32f10x_usart.o
    0x08000df2   0x00000008   Code   RO         1373    i.USART_SendData    stm32f10x_usart.o
    0x08000dfa   0x00000004   Code   RO          141    i.UsageFault_Handler  stm32f10x_it.o
    0x08000dfe   0x0000000e   Code   RO         1946    i.__scatterload_copy  mc_w.l(handlers.o)
    0x08000e0c   0x00000002   Code   RO         1947    i.__scatterload_null  mc_w.l(handlers.o)
    0x08000e0e   0x0000000e   Code   RO         1948    i.__scatterload_zeroinit  mc_w.l(handlers.o)
    0x08000e1c   0x00000040   Code   RO         1643    i.car_back          dc_motor.o
    0x08000e5c   0x00000040   Code   RO         1644    i.car_forward       dc_motor.o
    0x08000e9c   0x00000038   Code   RO         1645    i.car_left          dc_motor.o
    0x08000ed4   0x000000c0   Code   RO         1850    i.car_menu          menu.o
    0x08000f94   0x0000003c   Code   RO         1646    i.car_right         dc_motor.o
    0x08000fd0   0x00000024   Code   RO         1647    i.car_space_high    dc_motor.o
    0x08000ff4   0x00000024   Code   RO         1648    i.car_space_low     dc_motor.o
    0x08001018   0x00000034   Code   RO         1649    i.car_stop          dc_motor.o
    0x0800104c   0x000000f0   Code   RO         1851    i.chuankou          menu.o
    0x0800113c   0x000000ac   Code   RO         1812    i.csb1              sr04.o
    0x080011e8   0x000000ac   Code   RO         1813    i.csb2              sr04.o
    0x08001294   0x00000024   Code   RO         1702    i.csb_key           key.o
    0x080012b8   0x00000174   Code   RO         1650    i.dc_motor_init     dc_motor.o
    0x0800142c   0x0000001c   Code   RO         1585    i.delay_10us        systick.o
    0x08001448   0x00000020   Code   RO         1586    i.delay_ms          systick.o
    0x08001468   0x000000b0   Code   RO         1853    i.get_csb           menu.o
    0x08001518   0x00000070   Code   RO         1728    i.lcd1602_gpio_init  lcd1602.o
    0x08001588   0x00000020   Code   RO         1729    i.lcd1602_init      lcd1602.o
    0x080015a8   0x00000092   Code   RO         1732    i.lcd1602_show_string  lcd1602.o
    0x0800163a   0x00000002   PAD
    0x0800163c   0x00000048   Code   RO         1733    i.lcd1602_write_cmd  lcd1602.o
    0x08001684   0x0000004c   Code   RO         1734    i.lcd1602_write_data  lcd1602.o
    0x080016d0   0x00000032   Code   RO            1    i.main              main.o
    0x08001702   0x00000002   PAD
    0x08001704   0x00000034   Code   RO         1854    i.scan_didi         menu.o
    0x08001738   0x00000038   Code   RO         1855    i.scan_space        menu.o
    0x08001770   0x00000198   Code   RO         1856    i.show              menu.o
    0x08001908   0x00000080   Code   RO         1814    i.sr04_gpio_init    sr04.o
    0x08001988   0x00000028   Code   RO         1815    i.ultrasonicwave_init  sr04.o
    0x080019b0   0x00000020   Data   RO         1944    Region$$Table       anon$$obj.o


    Execution Region RW_IRAM1 (Base: 0x20000000, Size: 0x000004e8, Max: 0x00002800, ABSOLUTE)

    Base Addr    Size         Type   Attr      Idx    E Section Name        Object

    0x20000000   0x00000014   Data   RW          372    .data               stm32f10x_rcc.o
    0x20000014   0x00000008   Data   RW         1857    .data               menu.o
    0x2000001c   0x000000c8   Zero   RW         1615    .bss                usart.o
    0x200000e4   0x00000004   PAD
    0x200000e8   0x00000400   Zero   RW          218    STACK               startup_stm32f10x_md.o


==============================================================================

Image component sizes


      Code (inc. data)   RO Data    RW Data    ZI Data      Debug   Object Name

        44          6          0          0          0        456   beep.o
       740         88          0          0          0       3820   dc_motor.o
       284         22          0          0          0       1528   key.o
       438         34          0          0          0       3042   lcd1602.o
        50          0          0          0          0     251355   main.o
      1124        176          0          8          0       3510   menu.o
       132         22          0          0          0       1591   misc.o
       566         60          0          0          0       2581   sr04.o
        36          8        236          0       1024        816   startup_stm32f10x_md.o
       290          0          0          0          0       3629   stm32f10x_gpio.o
        26          0          0          0          0       3578   stm32f10x_it.o
       300         38          0         20          0       5069   stm32f10x_rcc.o
       198         42          0          0          0       2887   stm32f10x_tim.o
       442          6          0          0          0       6277   stm32f10x_usart.o
       328         28          0          0          0       1833   system_stm32f10x.o
        60          0          0          0          0        896   systick.o
       228         20          0          0        200       1612   usart.o

    ----------------------------------------------------------------------
      5298        550        268         28       1228     294480   Object Totals
         0          0         32          0          0          0   (incl. Generated)
        12          0          0          0          4          0   (incl. Padding)

    ----------------------------------------------------------------------

      Code (inc. data)   RO Data    RW Data    ZI Data      Debug   Library Member Name

         0          0          0          0          0          0   entry.o
         0          0          0          0          0          0   entry10a.o
         0          0          0          0          0          0   entry11a.o
         8          4          0          0          0          0   entry2.o
         4          0          0          0          0          0   entry5.o
         0          0          0          0          0          0   entry7b.o
         0          0          0          0          0          0   entry8b.o
         8          4          0          0          0          0   entry9a.o
        30          0          0          0          0          0   handlers.o
        36          8          0          0          0         68   init.o
         0          0          0          0          0          0   iusefp.o
        30          0          0          0          0         68   llshl.o
        32          0          0          0          0         68   llushr.o
        56          0          0          0          0         88   d2f.o
       222          0          0          0          0        100   ddiv.o
       186          0          0          0          0        176   depilogue.o
       228          0          0          0          0         96   dmul.o
        38          0          0          0          0         68   f2d.o
       110          0          0          0          0        168   fepilogue.o
        40          0          0          0          0         68   ffixui.o
        10          0          0          0          0         68   ffltui.o

    ----------------------------------------------------------------------
      1042         16          0          0          0       1036   Library Totals
         4          0          0          0          0          0   (incl. Padding)

    ----------------------------------------------------------------------

      Code (inc. data)   RO Data    RW Data    ZI Data      Debug   Library Name

       148         16          0          0          0        204   mc_w.l
       890          0          0          0          0        832   mf_w.l

    ----------------------------------------------------------------------
      1042         16          0          0          0       1036   Library Totals

    ----------------------------------------------------------------------

==============================================================================


      Code (inc. data)   RO Data    RW Data    ZI Data      Debug   

      6340        566        268         28       1228     291976   Grand Totals
      6340        566        268         28       1228     291976   ELF Image Totals
      6340        566        268         28          0          0   ROM Totals

==============================================================================

    Total RO  Size (Code + RO Data)                 6608 (   6.45kB)
    Total RW  Size (RW Data + ZI Data)              1256 (   1.23kB)
    Total ROM Size (Code + RO Data + RW Data)       6636 (   6.48kB)

==============================================================================

